[crazycafe.net/demos/cafe-duke/index.html]
[backblue.gif]
[fade.gif]
[index.html]
[crazycafe.net/demos/cafe-duke/img/fevicon.png]
[crazycafe.net/demos/cafe-duke/cart.html]
[crazycafe.net/demos/cafe-duke/index-2.html]
[crazycafe.net/demos/cafe-duke/about.html]
[crazycafe.net/demos/cafe-duke/food_menu.html]
[crazycafe.net/demos/cafe-duke/gellary.html]
[crazycafe.net/demos/cafe-duke/gallery_masonry.html]
[crazycafe.net/demos/cafe-duke/branch.html]
[crazycafe.net/demos/cafe-duke/chef.html]
[crazycafe.net/demos/cafe-duke/shop.html]
[crazycafe.net/demos/cafe-duke/single_shop.html]
[crazycafe.net/demos/cafe-duke/checkout.html]
[crazycafe.net/demos/cafe-duke/404.html]
[crazycafe.net/demos/cafe-duke/blog1.html]
[crazycafe.net/demos/cafe-duke/blog2.html]
[crazycafe.net/demos/cafe-duke/single_blog.html]
[crazycafe.net/demos/cafe-duke/contact.html]
[crazycafe.net/demos/cafe-duke/img/logo.png]
[crazycafe.net/demos/cafe-duke/img/welcome_bg.jpg]
[crazycafe.net/demos/cafe-duke/img/welcome_bg2.jpg]
[crazycafe.net/demos/cafe-duke/img/welcome_bg3.jpg]
[crazycafe.net/demos/cafe-duke/img/tittle_icon.png]
[crazycafe.net/demos/cafe-duke/img/combo1.jpg]
[crazycafe.net/demos/cafe-duke/img/combo2.jpg]
[crazycafe.net/demos/cafe-duke/img/combo3.jpg]
[crazycafe.net/demos/cafe-duke/img/combo4.jpg]
[crazycafe.net/demos/cafe-duke/img/comboman.jpg]
[crazycafe.net/demos/cafe-duke/img/menu_icon1.png]
[crazycafe.net/demos/cafe-duke/img/menu_h_icon1.png]
[crazycafe.net/demos/cafe-duke/img/menu_icon2.png]
[crazycafe.net/demos/cafe-duke/img/menu_h_icon2.png]
[crazycafe.net/demos/cafe-duke/img/menu_icon3.png]
[crazycafe.net/demos/cafe-duke/img/menu_h_icon3.png]
[crazycafe.net/demos/cafe-duke/img/menu_icon4.png]
[crazycafe.net/demos/cafe-duke/img/menu_h_icon4.png]
[crazycafe.net/demos/cafe-duke/img/menu_icon5.png]
[crazycafe.net/demos/cafe-duke/img/menu_h_icon5.png]
[crazycafe.net/demos/cafe-duke/img/menu_icon6.png]
[crazycafe.net/demos/cafe-duke/img/menu_h_icon6.png]
[crazycafe.net/demos/cafe-duke/img/special1.jpg]
[crazycafe.net/demos/cafe-duke/img/special2.jpg]
[crazycafe.net/demos/cafe-duke/img/special3.jpg]
[crazycafe.net/demos/cafe-duke/img/special4.jpg]
[crazycafe.net/demos/cafe-duke/img/daily_menu2.jpg]
[crazycafe.net/demos/cafe-duke/img/daily_menu1.jpg]
[crazycafe.net/demos/cafe-duke/img/daily_menu3.jpg]
[crazycafe.net/demos/cafe-duke/img/payment_method1.jpg]
[crazycafe.net/demos/cafe-duke/js/jquery-2.1.4.min.js]
[crazycafe.net/demos/cafe-duke/js/bootstrap.min.js]
[crazycafe.net/demos/cafe-duke/js/owl.carousel.min.js]
[crazycafe.net/demos/cafe-duke/js/jquery.slicknav.min.js]
[crazycafe.net/demos/cafe-duke/js/wow.min.js]
[crazycafe.net/demos/cafe-duke/js/isotope.pkgd.min.js]
[crazycafe.net/demos/cafe-duke/js/active.js]
[crazycafe.net/demos/cafe-duke/index.html]
[crazycafe.net/demos/cafe-duke/fonts/glyphicons-halflings-regular.eot]
[crazycafe.net/demos/cafe-duke/fonts/glyphicons-halflings-regulard41d.eot]
[crazycafe.net/demos/cafe-duke/fonts/glyphicons-halflings-regular.woff2]
[crazycafe.net/demos/cafe-duke/fonts/glyphicons-halflings-regular.woff]
[crazycafe.net/demos/cafe-duke/fonts/glyphicons-halflings-regular.ttf]
[crazycafe.net/demos/cafe-duke/css/bootstrap.min.css]
[crazycafe.net/demos/cafe-duke/css/owl.video.play.png]
[crazycafe.net/demos/cafe-duke/css/owl.carousel.css]
[crazycafe.net/demos/cafe-duke/css/animate.min.css]
[crazycafe.net/demos/cafe-duke/fonts/fontawesome-webfont3e6e.eot]
[crazycafe.net/demos/cafe-duke/fonts/fontawesome-webfontd41d.eot]
[crazycafe.net/demos/cafe-duke/fonts/fontawesome-webfont3e6e.woff2]
[crazycafe.net/demos/cafe-duke/fonts/fontawesome-webfont3e6e.woff]
[crazycafe.net/demos/cafe-duke/fonts/fontawesome-webfont3e6e.ttf]
[crazycafe.net/demos/cafe-duke/css/font-awesome.min.css]
[crazycafe.net/demos/cafe-duke/css/slicknav.min.css]
[crazycafe.net/demos/cafe-duke/img/combo_bg.png]
[crazycafe.net/demos/cafe-duke/img/menu_bg.jpg]
[crazycafe.net/demos/cafe-duke/img/special_bg.png]
[crazycafe.net/demos/cafe-duke/img/booking_bg.jpg]
[crazycafe.net/demos/cafe-duke/img/daily_menu_bg.png]
[crazycafe.net/demos/cafe-duke/img/testimonial_bg.jpg]
[crazycafe.net/demos/cafe-duke/img/tittle_bg.jpg]
[crazycafe.net/demos/cafe-duke/img/cursor.png]
[crazycafe.net/demos/cafe-duke/css/custom/style.css]
[crazycafe.net/demos/cafe-duke/img/cart1.jpg]
[crazycafe.net/demos/cafe-duke/img/cart2.jpg]
[crazycafe.net/demos/cafe-duke/cart.html]
[crazycafe.net/demos/cafe-duke/index-2.html]
[crazycafe.net/demos/cafe-duke/img/about_back_img.jpg]
[crazycafe.net/demos/cafe-duke/img/about_front_img.jpg]
[crazycafe.net/demos/cafe-duke/img/team1.jpg]
[crazycafe.net/demos/cafe-duke/img/team2.jpg]
[crazycafe.net/demos/cafe-duke/img/team3.jpg]
[crazycafe.net/demos/cafe-duke/img/team4.jpg]
[crazycafe.net/demos/cafe-duke/about.html]
[crazycafe.net/demos/cafe-duke/img/food_menu1.png]
[crazycafe.net/demos/cafe-duke/img/food_menu2.png]
[crazycafe.net/demos/cafe-duke/img/food_menu3.png]
[crazycafe.net/demos/cafe-duke/img/food_menu4.png]
[crazycafe.net/demos/cafe-duke/img/food_menu5.png]
[crazycafe.net/demos/cafe-duke/img/food_menu6.png]
[crazycafe.net/demos/cafe-duke/img/single_food1.jpg]
[crazycafe.net/demos/cafe-duke/img/single_food2.jpg]
[crazycafe.net/demos/cafe-duke/img/single_food3.jpg]
[crazycafe.net/demos/cafe-duke/img/single_food4.jpg]
[crazycafe.net/demos/cafe-duke/img/single_food5.jpg]
[crazycafe.net/demos/cafe-duke/img/single_food6.jpg]
[crazycafe.net/demos/cafe-duke/img/single_food7.jpg]
[crazycafe.net/demos/cafe-duke/img/single_food8.jpg]
[crazycafe.net/demos/cafe-duke/img/single_food9.jpg]
[crazycafe.net/demos/cafe-duke/img/single_food10.jpg]
[crazycafe.net/demos/cafe-duke/img/single_food11.jpg]
[crazycafe.net/demos/cafe-duke/img/single_food12.jpg]
[crazycafe.net/demos/cafe-duke/food_menu.html]
[crazycafe.net/demos/cafe-duke/img/gallery2.jpg]
[crazycafe.net/demos/cafe-duke/img/gallery1.jpg]
[crazycafe.net/demos/cafe-duke/img/gallery3.jpg]
[crazycafe.net/demos/cafe-duke/img/gallery4.jpg]
[crazycafe.net/demos/cafe-duke/img/gallery5.jpg]
[crazycafe.net/demos/cafe-duke/img/gallery6.jpg]
[crazycafe.net/demos/cafe-duke/img/gallery7.jpg]
[crazycafe.net/demos/cafe-duke/img/gallery8.jpg]
[crazycafe.net/demos/cafe-duke/gellary.html]
[crazycafe.net/demos/cafe-duke/img/gallery9.jpg]
[crazycafe.net/demos/cafe-duke/js/jquery.magnific-popup.min.js]
[crazycafe.net/demos/cafe-duke/img/m_gallery2.jpg]
[crazycafe.net/demos/cafe-duke/img/m_gallery1.jpg]
[crazycafe.net/demos/cafe-duke/img/m_gallery3.jpg]
[crazycafe.net/demos/cafe-duke/img/m_gallery4.jpg]
[crazycafe.net/demos/cafe-duke/img/m_gallery5.jpg]
[crazycafe.net/demos/cafe-duke/img/m_gallery6.jpg]
[crazycafe.net/demos/cafe-duke/img/m_gallery7.jpg]
[crazycafe.net/demos/cafe-duke/gallery_masonry.html]
[crazycafe.net/demos/cafe-duke/img/m_gallery8.jpg]
[crazycafe.net/demos/cafe-duke/img/m_gallery9.jpg]
[crazycafe.net/demos/cafe-duke/img/branch1.jpg]
[crazycafe.net/demos/cafe-duke/img/branch2.jpg]
[crazycafe.net/demos/cafe-duke/img/branch3.jpg]
[crazycafe.net/demos/cafe-duke/img/branch5.jpg]
[crazycafe.net/demos/cafe-duke/img/branch4.jpg]
[crazycafe.net/demos/cafe-duke/branch.html]
[crazycafe.net/demos/cafe-duke/img/branch6.jpg]
[crazycafe.net/demos/cafe-duke/img/chef3.jpg]
[crazycafe.net/demos/cafe-duke/img/chef4.jpg]
[crazycafe.net/demos/cafe-duke/img/chef2.jpg]
[crazycafe.net/demos/cafe-duke/chef.html]
[crazycafe.net/demos/cafe-duke/img/chef1.jpg]
[crazycafe.net/demos/cafe-duke/js/slick.min.js]
[crazycafe.net/demos/cafe-duke/img/v1blog1.jpg]
[crazycafe.net/demos/cafe-duke/img/v1blog2.jpg]
[crazycafe.net/demos/cafe-duke/img/v1blog6.jpg]
[crazycafe.net/demos/cafe-duke/img/v1blog3.jpg]
[crazycafe.net/demos/cafe-duke/shop.html]
[crazycafe.net/demos/cafe-duke/img/v1blog4.jpg]
[crazycafe.net/demos/cafe-duke/img/v1blog5.jpg]
[crazycafe.net/demos/cafe-duke/single_shop.html]
[crazycafe.net/demos/cafe-duke/img/blog_comment2.jpg]
[crazycafe.net/demos/cafe-duke/img/single_shop1.jpg]
[crazycafe.net/demos/cafe-duke/img/paypal.png]
[crazycafe.net/demos/cafe-duke/js/jquery.nice-select.min.js]
[crazycafe.net/demos/cafe-duke/checkout.html]
[crazycafe.net/demos/cafe-duke/404.html]
[crazycafe.net/demos/cafe-duke/img/404.png]
[crazycafe.net/demos/cafe-duke/img/v1blog7.jpg]
[crazycafe.net/demos/cafe-duke/img/v1blog8.jpg]
[crazycafe.net/demos/cafe-duke/img/v1blog9.jpg]
[crazycafe.net/demos/cafe-duke/blog1.html]
[crazycafe.net/demos/cafe-duke/img/v2blog2.jpg]
[crazycafe.net/demos/cafe-duke/blog2.html]
[crazycafe.net/demos/cafe-duke/img/v2blog1.jpg]
[crazycafe.net/demos/cafe-duke/img/v2blog3.jpg]
[crazycafe.net/demos/cafe-duke/img/single_blog1.jpg]
[crazycafe.net/demos/cafe-duke/img/blog_comment1.jpg]
[crazycafe.net/demos/cafe-duke/img/blog_comment3.jpg]
[crazycafe.net/demos/cafe-duke/single_blog.html]
[crazycafe.net/demos/cafe-duke/js/googlemap.js]
[crazycafe.net/demos/cafe-duke/contact.html]
[crazycafe.net/demos/cafe-duke/fonts/glyphicons-halflings-regular.svg]
[crazycafe.net/demos/cafe-duke/css/owl.video.play.html]
[crazycafe.net/demos/cafe-duke/fonts/fontawesome-webfont3e6e.svg]
[crazycafe.net/demos/cafe-duke/css/responsive.css]
[crazycafe.net/demos/cafe-duke/css/magnific-popup.css]
[crazycafe.net/demos/cafe-duke/css/slick.css]
[crazycafe.net/demos/cafe-duke/css/nice-select.css]
